BL51 BANKED LINKER/LOCATER V6.22.2.0                                                    06/25/2022  21:38:52  PAGE 1


BL51 BANKED LINKER/LOCATER V6.22.2.0, INVOKED BY:
D:\KEIL\C51\BIN\BL51.EXE .\Objects\STARTUP.obj, .\Objects\main.obj TO .\Objects\æ≤Ã¨ ˝¬Îπ‹œ‘ æ PRINT (.\Listings\æ≤Ã¨ ˝¬
>> Îπ‹œ‘ æ.m51)


MEMORY MODEL: SMALL


INPUT MODULES INCLUDED:
  .\Objects\STARTUP.obj (?C_STARTUP)
  .\Objects\main.obj (MAIN)
  D:\KEIL\C51\LIB\C51S.LIB (?C_INIT)


LINK MAP OF MODULE:  .\Objects\æ≤Ã¨ ˝¬Îπ‹œ‘ æ (?C_STARTUP)


            TYPE    BASE      LENGTH    RELOCATION   SEGMENT NAME
            -----------------------------------------------------

            * * * * * * *   D A T A   M E M O R Y   * * * * * * *
            REG     0000H     0008H     ABSOLUTE     "REG BANK 0"
            DATA    0008H     000AH     UNIT         ?DT?MAIN
            IDATA   0012H     0001H     UNIT         ?STACK

            * * * * * * *   C O D E   M E M O R Y   * * * * * * *
            CODE    0000H     0003H     ABSOLUTE     
            CODE    0003H     008CH     UNIT         ?C_C51STARTUP
            CODE    008FH     0063H     UNIT         ?PR?_DT?MAIN
            CODE    00F2H     000DH     UNIT         ?C_INITSEG
            CODE    00FFH     000BH     UNIT         ?PR?MAIN?MAIN



OVERLAY MAP OF MODULE:   .\Objects\æ≤Ã¨ ˝¬Îπ‹œ‘ æ (?C_STARTUP)


SEGMENT
  +--> CALLED SEGMENT
---------------------
?C_C51STARTUP
  +--> ?PR?MAIN?MAIN
  +--> ?C_INITSEG

?PR?MAIN?MAIN
  +--> ?PR?_DT?MAIN



SYMBOL TABLE OF MODULE:  .\Objects\æ≤Ã¨ ˝¬Îπ‹œ‘ æ (?C_STARTUP)

  VALUE           TYPE          NAME
  ----------------------------------

  -------         MODULE        ?C_STARTUP
  C:0003H         SEGMENT       ?C_C51STARTUP
  I:0012H         SEGMENT       ?STACK
  C:0000H         PUBLIC        ?C_STARTUP
BL51 BANKED LINKER/LOCATER V6.22.2.0                                                  06/25/2022  21:38:52  PAGE 2


  D:00E0H         SYMBOL        ACC
  D:00F0H         SYMBOL        B
  D:0083H         SYMBOL        DPH
  D:0082H         SYMBOL        DPL
  N:0000H         SYMBOL        IBPSTACK
  N:0100H         SYMBOL        IBPSTACKTOP
  N:0080H         SYMBOL        IDATALEN
  C:0006H         SYMBOL        IDATALOOP
  N:0000H         SYMBOL        PBPSTACK
  N:0100H         SYMBOL        PBPSTACKTOP
  N:0000H         SYMBOL        PDATALEN
  N:0000H         SYMBOL        PDATASTART
  N:0000H         SYMBOL        PPAGE
  N:0000H         SYMBOL        PPAGEENABLE
  D:00A0H         SYMBOL        PPAGE_SFR
  D:0081H         SYMBOL        SP
  C:0003H         SYMBOL        STARTUP1
  N:0000H         SYMBOL        XBPSTACK
  N:0000H         SYMBOL        XBPSTACKTOP
  N:0000H         SYMBOL        XDATALEN
  N:0000H         SYMBOL        XDATASTART
  C:0000H         LINE#         126
  C:0003H         LINE#         133
  C:0005H         LINE#         134
  C:0006H         LINE#         135
  C:0007H         LINE#         136
  C:0009H         LINE#         185
  C:000CH         LINE#         196
  -------         ENDMOD        ?C_STARTUP

  -------         MODULE        MAIN
  C:0000H         SYMBOL        _ICE_DUMMY_
  D:0080H         PUBLIC        P0
  B:00A0H.2       PUBLIC        P2_2
  B:00A0H.3       PUBLIC        P2_3
  B:00A0H.4       PUBLIC        P2_4
  C:008FH         PUBLIC        _DT
  C:00FFH         PUBLIC        main
  D:0008H         PUBLIC        NixieTable
  -------         PROC          _DT
  D:0007H         SYMBOL        location
  D:0004H         SYMBOL        number
  C:008FH         LINE#         5
  C:008FH         LINE#         6
  C:008FH         LINE#         7
  C:00BCH         LINE#         8
  C:00BCH         LINE#         9
  C:00C0H         LINE#         10
  C:00C4H         LINE#         11
  C:00C8H         LINE#         12
  C:00CCH         LINE#         13
  C:00D4H         LINE#         14
  C:00DCH         LINE#         15
  C:00E4H         LINE#         16
  C:00EAH         LINE#         17
  C:00EAH         LINE#         18
  C:00F1H         LINE#         19
BL51 BANKED LINKER/LOCATER V6.22.2.0                                                  06/25/2022  21:38:52  PAGE 3


  -------         ENDPROC       _DT
  -------         PROC          MAIN
  C:00FFH         LINE#         21
  C:00FFH         LINE#         22
  C:00FFH         LINE#         23
  C:0108H         LINE#         24
  C:0108H         LINE#         25
  C:0108H         LINE#         27
  -------         ENDPROC       MAIN
  -------         ENDMOD        MAIN

Program Size: data=19.0 xdata=0 code=266
LINK/LOCATE RUN COMPLETE.  0 WARNING(S),  0 ERROR(S)
